15:56:01 **** Build of configuration Debug for project 004PeriClockEnable ****
make -j16 all 
arm-none-eabi-gcc -mcpu=cortex-m4 -g3 -DDEBUG -c -x assembler-with-cpp -MMD -MP -MF"Startup/startup_stm32f407vgtx.d" -MT"Startup/startup_stm32f407vgtx.o" --specs=nano.specs -mfloat-abi=soft -mthumb -o "Startup/startup_stm32f407vgtx.o" "../Startup/startup_stm32f407vgtx.s"
arm-none-eabi-gcc "../Src/main.c" -mcpu=cortex-m4 -std=gnu11 -g3 -DDEBUG -DSTM32 -DSTM32F407G_DISC1 -DSTM32F4 -DSTM32F407VGTx -c -I../Inc -O0 -ffunction-sections -fdata-sections -Wall -fstack-usage -fcyclomatic-complexity -MMD -MP -MF"Src/main.d" -MT"Src/main.o" --specs=nano.specs -mfloat-abi=soft -mthumb -o "Src/main.o"
arm-none-eabi-gcc "../Src/syscalls.c" -mcpu=cortex-m4 -std=gnu11 -g3 -DDEBUG -DSTM32 -DSTM32F407G_DISC1 -DSTM32F4 -DSTM32F407VGTx -c -I../Inc -O0 -ffunction-sections -fdata-sections -Wall -fstack-usage -fcyclomatic-complexity -MMD -MP -MF"Src/syscalls.d" -MT"Src/syscalls.o" --specs=nano.specs -mfloat-abi=soft -mthumb -o "Src/syscalls.o"
arm-none-eabi-gcc "../Src/sysmem.c" -mcpu=cortex-m4 -std=gnu11 -g3 -DDEBUG -DSTM32 -DSTM32F407G_DISC1 -DSTM32F4 -DSTM32F407VGTx -c -I../Inc -O0 -ffunction-sections -fdata-sections -Wall -fstack-usage -fcyclomatic-complexity -MMD -MP -MF"Src/sysmem.d" -MT"Src/sysmem.o" --specs=nano.specs -mfloat-abi=soft -mthumb -o "Src/sysmem.o"
arm-none-eabi-gcc -o "004PeriClockEnable.elf" @"objects.list"   -mcpu=cortex-m4 -T"/home/ashwin-jhamb/Documents/Mastering MCU Course/MCU1/004PeriClockEnable/STM32F407VGTX_FLASH.ld" --specs=nosys.specs -Wl,-Map="004PeriClockEnable.map" -Wl,--gc-sections -static --specs=nano.specs -mfloat-abi=soft -mthumb -Wl,--start-group -lc -lm -Wl,--end-group
Finished building target: 004PeriClockEnable.elf
 
arm-none-eabi-size  004PeriClockEnable.elf 
arm-none-eabi-objdump -h -S 004PeriClockEnable.elf  > "004PeriClockEnable.list"
   text	   data	    bss	    dec	    hex	filename
    652	      0	   1568	   2220	    8ac	004PeriClockEnable.elf
Finished building: default.size.stdout
 
Finished building: 004PeriClockEnable.list
 
16:17:30 **** Incremental Build of configuration Debug for project 004PeriClockEnable ****
make -j16 all 
arm-none-eabi-size  004PeriClockEnable.elf 
   text	   data	    bss	    dec	    hex	filename
    652	      0	   1568	   2220	    8ac	004PeriClockEnable.elf
Finished building: default.size.stdout
 
